// Jest Snapshot v1, https://goo.gl/fbAQLP

exports[`App will match snapshot 1`] = `
Object {
  "asFragment": [Function],
  "baseElement": <body>
    <div>
      <div />
      <div
        class="App-container"
      >
        <form>
          <div
            class="NavBar-container"
          >
            <div
              class="NavBar-header"
            >
              <h1>
                Employee Polls
              </h1>
            </div>
          </div>
        </form>
        <form>
          <div
            class="Login-container"
          >
            <h3>
              Login
            </h3>
            <div
              class="Login-inputDiv"
            >
              <span>
                Username: 
              </span>
              <input
                data-testid="username-input"
                type="text"
                value=""
              />
            </div>
            <div
              class="Login-inputDiv"
            >
              <span>
                Password: 
              </span>
              <input
                data-testid="password-input"
                type="password"
                value=""
              />
            </div>
            <button
              data-testid="submit-button"
              type="submit"
            >
              Submit
            </button>
          </div>
        </form>
      </div>
    </div>
  </body>,
  "container": <div>
    <div />
    <div
      class="App-container"
    >
      <form>
        <div
          class="NavBar-container"
        >
          <div
            class="NavBar-header"
          >
            <h1>
              Employee Polls
            </h1>
          </div>
        </div>
      </form>
      <form>
        <div
          class="Login-container"
        >
          <h3>
            Login
          </h3>
          <div
            class="Login-inputDiv"
          >
            <span>
              Username: 
            </span>
            <input
              data-testid="username-input"
              type="text"
              value=""
            />
          </div>
          <div
            class="Login-inputDiv"
          >
            <span>
              Password: 
            </span>
            <input
              data-testid="password-input"
              type="password"
              value=""
            />
          </div>
          <button
            data-testid="submit-button"
            type="submit"
          >
            Submit
          </button>
        </div>
      </form>
    </div>
  </div>,
  "debug": [Function],
  "findAllByAltText": [Function],
  "findAllByDisplayValue": [Function],
  "findAllByLabelText": [Function],
  "findAllByPlaceholderText": [Function],
  "findAllByRole": [Function],
  "findAllByTestId": [Function],
  "findAllByText": [Function],
  "findAllByTitle": [Function],
  "findByAltText": [Function],
  "findByDisplayValue": [Function],
  "findByLabelText": [Function],
  "findByPlaceholderText": [Function],
  "findByRole": [Function],
  "findByTestId": [Function],
  "findByText": [Function],
  "findByTitle": [Function],
  "getAllByAltText": [Function],
  "getAllByDisplayValue": [Function],
  "getAllByLabelText": [Function],
  "getAllByPlaceholderText": [Function],
  "getAllByRole": [Function],
  "getAllByTestId": [Function],
  "getAllByText": [Function],
  "getAllByTitle": [Function],
  "getByAltText": [Function],
  "getByDisplayValue": [Function],
  "getByLabelText": [Function],
  "getByPlaceholderText": [Function],
  "getByRole": [Function],
  "getByTestId": [Function],
  "getByText": [Function],
  "getByTitle": [Function],
  "queryAllByAltText": [Function],
  "queryAllByDisplayValue": [Function],
  "queryAllByLabelText": [Function],
  "queryAllByPlaceholderText": [Function],
  "queryAllByRole": [Function],
  "queryAllByTestId": [Function],
  "queryAllByText": [Function],
  "queryAllByTitle": [Function],
  "queryByAltText": [Function],
  "queryByDisplayValue": [Function],
  "queryByLabelText": [Function],
  "queryByPlaceholderText": [Function],
  "queryByRole": [Function],
  "queryByTestId": [Function],
  "queryByText": [Function],
  "queryByTitle": [Function],
  "rerender": [Function],
  "unmount": [Function],
}
`;
